[volt:dev:web] [0.69ms] bundle index.html 1662.18 KB
[volt:dev:web] [0.14ms] bundle index.html 1662.18 KB
[volt:dev:web] [0.25ms] bundle index.html 1662.18 KB
[volt:dev:web] [0.14ms] bundle index.html 1662.18 KB
[volt:dev:web] [0.14ms] bundle index.html 1662.18 KB
[volt:dev:web] [0.16ms] bundle index.html 1662.18 KB
[volt:dev:web] [0.13ms] bundle index.html 1662.18 KB
[volt:dev:web] EBUSY: Watcher crashed
[volt:dev:web] ============================================================
[volt:dev:web] Bun v1.3.11 (af24e281) Windows x64
[volt:dev:web] Windows v.win11_dt
[volt:dev:web] CPU: sse42 avx avx2
[volt:dev:web] Args: "bun" "--watch" "--feature" "VOLT_TARGET_BUN" "--feature" "VOLT_RUNTIME_BUN_FULLSTACK" "--feature" "VOLT_MODE_DEVELOPMENT" "C:\Users\ijhar\Desktop\loop-kit\apps\forge\.volt\generated\targets\dev-web.bun-fullstack.entry.ts"...
[volt:dev:web] Features: Bun.stdout(2) dotenv http_server jsc tsconfig(26) napi_module_register process_dlopen(2) 
[volt:dev:web] Builtins: "bun:main" "node:crypto" "node:fs" "node:fs/promises" "node:module" "node:net" "node:os" "node:path" "node:perf_hooks" "node:timers/promises" "node:url" 
[volt:dev:web] Elapsed: 242482ms | User: 2343ms | Sys: 1156ms
[volt:dev:web] RSS: 0.64GB | Peak: 0.73GB | Commit: 1.14GB | Faults: 347563 | Machine: 34.21GB
[volt:dev:web] panic(main thread): integer overflow
[volt:dev:web] oh no: Bun has crashed. This indicates a bug in Bun, not your code.
[volt:dev:web] To send a redacted crash report to Bun's team,
[volt:dev:web] please file a GitHub issue using the link below:
[volt:dev:web]  https://bun.report/1.3.11/wa1af24e28giGowgoC+p70G2gikqBq0i5Fkp25F6gy5Fm/2hGuwbyjMoq37xDCYKERNEL32.DLLut0LCSntdll.dll4oijBA0eNrLzCtJTU8tUsgvSy1Ky8kvBwA2xQaD
[volt:dev:web] --- Bun is auto-restarting due to crash [time: 1775873381288] ---
[volt:dev:web] 18 | ) => {
[volt:dev:web] 19 |   const port = Number(services.env.read("PORT") ?? "3000");
[volt:dev:web] 20 |   const mode =
[volt:dev:web] 21 |     services.env.read("VOLT_MODE") === "production" ? "production" : "development";
[volt:dev:web] 22 | 
[volt:dev:web] 23 |   const server = Bun.serve({
[volt:dev:web]                           ^
[volt:dev:web] error: Failed to start server. Is port 3000 in use?
[volt:dev:web]  syscall: "listen",
[volt:dev:web]    errno: 0,
[volt:dev:web]     code: "EADDRINUSE"
[volt:dev:web]       at startWebServer (C:\Users\ijhar\Desktop\loop-kit\apps\forge\src\web\startWebServer.ts:23:22)
[volt:dev:web]       at <anonymous> (C:\Users\ijhar\Desktop\loop-kit\apps\forge\src\web\server.runtime.ts:6:3)
[volt:dev:web]       at <anonymous> (C:\Users\ijhar\Desktop\loop-kit\packages\volt\src\plugins\bun\app.ts:20:18)
542 |     })),
543 |   );
544 | 
545 |   await owner.releaseAll();
546 |   if (firstExit.code !== 0) {
547 |     throw new Error(`${firstExit.label} exited with code ${firstExit.code}.`);
                    ^
error: dev:web exited with code 1.
      at <anonymous> (C:\Users\ijhar\Desktop\loop-kit\packages\volt\src\process.ts:547:15)

Bun v1.3.11 (Windows x64)
